Lorem ipsum dolor sit amet, consectetur adipiscing elit. Morbi sed neque nec sem tempus fringilla. Ut gravida libero ac dolor interdum, vel sagittis velit congue. Nunc pretium semper efficitur. Pellentesque tempus hendrerit felis, eget placerat ipsum. Sed eget consectetur mauris. Proin a eros vel sapien fermentum elementum. Integer porta nisl enim, id feugiat tortor ultricies id. Quisque dignissim felis nunc, nec iaculis diam mollis ut. Vivamus a elementum nisl, eget ultrices leo. Pellentesque dignissim luctus purus, vel varius eros vestibulum facilisis. Praesent sit amet nibh congue, mattis metus quis, fermentum leo. Duis tempor, diam vitae dapibus imperdiet, nulla nulla laoreet elit, ac suscipit dui magna in eros. Vestibulum ultrices, nibh eu dictum eleifend, dolor magna ultricies nibh, eu sollicitudin neque nibh in eros. Nam eget nibh vitae velit tempor molestie. Vestibulum id nibh sit amet nisl pharetra elementum non sit amet mauris.

Praesent ultricies mauris sed neque ornare molestie vitae sed risus. Proin non convallis mauris, id congue lorem. Etiam tincidunt pellentesque cursus. Ut fermentum elementum ligula, in lobortis nulla viverra in. Sed scelerisque id nunc eget suscipit. Mauris imperdiet pretium pretium. Duis et mi sodales mi faucibus semper at non massa. Donec fringilla hendrerit eros, ac feugiat arcu. Suspendisse facilisis blandit porttitor. Nunc laoreet, arcu et viverra molestie, orci mi porta orci, semper vehicula eros eros nec nulla. Ut viverra, ligula ut sodales aliquam, velit neque feugiat magna, ut consequat urna diam at erat. Ut vel leo et est vestibulum interdum.

Proin vehicula laoreet dui, vel convallis justo efficitur vel. Aenean iaculis porta metus. Curabitur facilisis mollis venenatis. Sed tincidunt, orci ut varius elementum, erat erat ultrices nisl, ut accumsan turpis dolor quis quam. Pellentesque vel posuere orci, vel volutpat leo. Etiam egestas, nisl vulputate consequat maximus, dui mi vulputate nibh, id rutrum tortor nulla accumsan orci. Vestibulum ante ipsum primis in faucibus orci luctus et ultrices posuere cubilia curae; Nunc sit amet tempus mi. Suspendisse cursus diam a consequat finibus. Cras mi felis, blandit nec orci eget, fermentum vulputate purus.

Sed at velit tristique, faucibus leo commodo, euismod massa. Sed eget lobortis velit. Mauris lorem elit, posuere et arcu et, sollicitudin aliquet ipsum. Aliquam erat volutpat. Orci varius natoque penatibus et magnis dis parturient montes, nascetur ridiculus mus. Suspendisse id venenatis augue. Pellentesque mattis elementum lectus id sodales. Quisque risus dolor, tempus vel ante dignissim, sodales dignissim nunc. Duis sed malesuada tellus.

Fusce aliquam nisi elit, nec vehicula turpis congue sit amet. Ut fringilla lacus nec malesuada tristique. Maecenas sit amet lacus felis. Fusce eget magna elementum, pellentesque nulla molestie, feugiat eros. Curabitur finibus luctus lorem ut convallis. Sed vitae facilisis libero. Etiam efficitur sit amet nibh quis sollicitudin morbi.
